\brunoTest.ps1 .
🚀 Iniciando pruebas de Bruno...

Ejecutando: ControladorAuth
ControladorAuth\01-Register-OK (200 OK) - 153 ms
Tests
   ✓ Registro exitoso devuelve 200
   ✓ Respuesta contiene token
ControladorAuth\02-Register-Conflict (409 Conflict) - 12 ms
Tests
   ✓ Registro duplicado devuelve 409 Conflict
   ✓ Respuesta contiene mensaje de error
ControladorAuth\03-Login-OK (200 OK) - 93 ms
Tests
   ✓ Login exitoso devuelve 200
   ✓ Respuesta contiene token JWT
ControladorAuth\04-Login-WrongPassword (401 Unauthorized) - 52 ms
Tests
   ✓ Login con contraseña incorrecta devuelve 401
   ✓ Respuesta contiene mensaje de error
ControladorAuth\05-Login-Admin (200 OK) - 52 ms
Tests
   ✓ Login como admin devuelve 200
   ✓ Respuesta contiene token JWT de admin

📊 Execution Summary
┌───────────────┬──────────────┐
│ Metric        │    Result    │
├───────────────┼──────────────┤
│ Status        │    ✓ PASS    │
├───────────────┼──────────────┤
│ Requests      │ 5 (5 Passed) │
├───────────────┼──────────────┤
│ Tests         │    10/10     │
├───────────────┼──────────────┤
│ Assertions    │     0/0      │
├───────────────┼──────────────┤
│ Duration (ms) │     362      │
└───────────────┴──────────────┘
Wrote json results to C:\Users\Aragorn\Desktop\dawazon-2.0\dawazonBrunoTest\report-ControladorAuth.json

From v3.0.0 onwards, the default sandbox mode is changed to safe. Use --sandbox=developer to run in developer mode.
See additional breaking changes at https://www.usebruno.com/v3-release
✅ ControladorAuth OK

Ejecutando: ControladorProductos
ControladorProductos\00-Login-Setup (200 OK) - 67 ms
Tests
   ✓ Setup: Login como admin OK
ControladorProductos\01-GetAll-Productos (200 OK) - 24 ms
Tests
   ✓ GET todos los productos devuelve 200
   ✓ Respuesta contiene campo content
   ✓ Respuesta contiene paginacion
ControladorProductos\02-GetAll-FiltroNombre (200 OK) - 6 ms
Tests
   ✓ GET con filtro de nombre devuelve 200
   ✓ Respuesta es un PageResponseDto
ControladorProductos\03-GetById-OK (200 OK) - 23 ms
Tests
   ✓ GET producto por ID devuelve 200 o 404
   ✓ Si existe: tiene id y name
ControladorProductos\04-GetById-NotFound (404 Not Found) - 6 ms
Tests
   ✓ GET producto inexistente devuelve 404
   ✓ Respuesta contiene mensaje de error
ControladorProductos\05-Post-Producto-SinAuth (401 Unauthorized) - 23 ms
Tests
   ✓ POST sin autenticación devuelve 401
ControladorProductos\06-Post-Producto-ConManagerToken (401 Unauthorized) - 49 ms
Tests
   ✕ POST producto con token devuelve 201 o 403
      expected [ 201, 403 ] to include 401
ControladorProductos\07-Put-Producto-OK (401 Unauthorized) - 6 ms
Tests
   ✕ PUT producto devuelve 200, 403 o 404
      expected [ 200, 403, 404 ] to include 401
ControladorProductos\08-Put-Producto-SinAuth (401 Unauthorized) - 3 ms
Tests
   ✓ PUT sin autenticacion devuelve 401
ControladorProductos\09-Delete-Producto-SinAuth (401 Unauthorized) - 3 ms
Tests
   ✓ DELETE sin autenticacion devuelve 401
ControladorProductos\10-Delete-Producto-OK (401 Unauthorized) - 3 ms
Tests
   ✕ DELETE producto con token devuelve 200, 403 o 404
      expected [ 200, 403, 404 ] to include 401
   ✓ Si OK, respuesta contiene el producto eliminado

📊 Execution Summary
┌───────────────┬─────────────────────────┐
│ Metric        │         Result          │
├───────────────┼─────────────────────────┤
│ Status        │         ✗ FAIL          │
├───────────────┼─────────────────────────┤
│ Requests      │ 11 (8 Passed, 3 Failed) │
├───────────────┼─────────────────────────┤
│ Tests         │          14/17          │
├───────────────┼─────────────────────────┤
│ Assertions    │           0/0           │
├───────────────┼─────────────────────────┤
│ Duration (ms) │           213           │
└───────────────┴─────────────────────────┘
Wrote json results to C:\Users\Aragorn\Desktop\dawazon-2.0\dawazonBrunoTest\report-ControladorProductos.json

From v3.0.0 onwards, the default sandbox mode is changed to safe. Use --sandbox=developer to run in developer mode.
See additional breaking changes at https://www.usebruno.com/v3-release
⚠️  Fallos en ControladorProductos

Ejecutando: ControladorCarrito
ControladorCarrito\00-Login-Setup (200 OK) - 67 ms
Tests
   ✓ Setup: Login usuario OK
ControladorCarrito\00b-Login-Admin-Setup (200 OK) - 60 ms
Tests
   ✓ Setup: Login admin OK (para test 07)
ControladorCarrito\01-GetCarrito-SinAuth (401 Unauthorized) - 3 ms
Tests
   ✓ GET carrito sin autenticación devuelve 401
ControladorCarrito\02-GetCarrito-ConAuth (401 Unauthorized) - 4 ms
Tests
   ✕ GET carrito con token de usuario devuelve 200 o 404
      expected [ 200, 404 ] to include 401
   ✓ Si hay carrito, contiene id
ControladorCarrito\03-AddProducto-AlCarrito (404 Not Found) - 3 ms
Tests
   ✓ Añadir producto al carrito devuelve 200 o 404 o 409
   ✓ Si OK, respuesta contiene id del carrito
ControladorCarrito\04-AddProducto-SinAuth (401 Unauthorized) - 2 ms
Tests
   ✓ Añadir producto sin auth devuelve 401
ControladorCarrito\05-RemoveProducto-AlCarrito (404 Not Found) - 3 ms
Tests
   ✓ Eliminar producto del carrito devuelve 200 o 404
   ✓ Si OK, respuesta contiene id del carrito
ControladorCarrito\06-GetCarritosPurchased-ConAuth (401 Unauthorized) - 3 ms
Tests
   ✕ GET carritos comprados devuelve 200
      expected 401 to equal 200
   ✕ Respuesta contiene campo content
      expected '' to have property 'content'
ControladorCarrito\07-GetSaleLines-Admin (401 Unauthorized) - 2 ms
Tests
   ✕ GET lineas de venta como admin devuelve 200
      expected 401 to equal 200
   ✕ Respuesta contiene campo content
      expected '' to have property 'content'
ControladorCarrito\08-GetSaleLines-SinAuth (401 Unauthorized) - 2 ms
Tests
   ✓ GET líneas de venta sin auth devuelve 401

📊 Execution Summary
┌───────────────┬─────────────────────────┐
│ Metric        │         Result          │
├───────────────┼─────────────────────────┤
│ Status        │         ✗ FAIL          │
├───────────────┼─────────────────────────┤
│ Requests      │ 10 (7 Passed, 3 Failed) │
├───────────────┼─────────────────────────┤
│ Tests         │          10/15          │
├───────────────┼─────────────────────────┤
│ Assertions    │           0/0           │
├───────────────┼─────────────────────────┤
│ Duration (ms) │           149           │
└───────────────┴─────────────────────────┘
Wrote json results to C:\Users\Aragorn\Desktop\dawazon-2.0\dawazonBrunoTest\report-ControladorCarrito.json

From v3.0.0 onwards, the default sandbox mode is changed to safe. Use --sandbox=developer to run in developer mode.
See additional breaking changes at https://www.usebruno.com/v3-release
⚠️  Fallos en ControladorCarrito

Ejecutando: ControladorAdmin
ControladorAdmin\00-Login-Setup (200 OK) - 68 ms
Tests
   ✓ Setup: Login admin OK
ControladorAdmin\01-GetAll-Usuarios-Admin (401 Unauthorized) - 2 ms
Tests
   ✕ GET usuarios como admin devuelve 200
      expected 401 to equal 200
   ✕ Respuesta contiene campo content paginado
      expected '' to have property 'content'
ControladorAdmin\02-GetAll-Usuarios-SinAuth (401 Unauthorized) - 3 ms
Tests
   ✓ GET usuarios sin auth devuelve 401
ControladorAdmin\03-GetById-Usuario-Admin (401 Unauthorized) - 2 ms
Tests
   ✕ GET usuario por ID como admin devuelve 200
      expected 401 to equal 200
   ✕ Respuesta contiene id del usuario
      expected '' to have property 'id'
ControladorAdmin\04-GetById-Usuario-NotFound (401 Unauthorized) - 2 ms
Tests
   ✕ GET usuario inexistente devuelve 404
      expected 401 to equal 404
   ✕ Respuesta contiene mensaje de error
      expected '' to have property 'message'
ControladorAdmin\05-UpdateById-Usuario-Admin (401 Unauthorized) - 3 ms
Tests
   ✕ PUT usuario como admin devuelve 200 o 404
      expected [ 200, 404 ] to include 401
   ✓ Si OK, respuesta contiene id del usuario actualizado
ControladorAdmin\06-BanUser-Admin (401 Unauthorized) - 2 ms
Tests
   ✕ DELETE (ban) usuario como admin devuelve 204 o 404
      expected [ 204, 404 ] to include 401

📊 Execution Summary
┌───────────────┬────────────────────────┐
│ Metric        │         Result         │
├───────────────┼────────────────────────┤
│ Status        │         ✗ FAIL         │
├───────────────┼────────────────────────┤
│ Requests      │ 7 (2 Passed, 5 Failed) │
├───────────────┼────────────────────────┤
│ Tests         │          3/11          │
├───────────────┼────────────────────────┤
│ Assertions    │          0/0           │
├───────────────┼────────────────────────┤
│ Duration (ms) │           82           │
└───────────────┴────────────────────────┘
Wrote json results to C:\Users\Aragorn\Desktop\dawazon-2.0\dawazonBrunoTest\report-ControladorAdmin.json

From v3.0.0 onwards, the default sandbox mode is changed to safe. Use --sandbox=developer to run in developer mode.
See additional breaking changes at https://www.usebruno.com/v3-release
⚠️  Fallos en ControladorAdmin

❌ 3 carpeta(s) con fallos. Revisa los reportes en C:\Users\Aragorn\Desktop\dawazon-2.0\dawazonBrunoTest